Archive member included to satisfy reference by file (symbol)

c:/coocox/gnu/bin/../lib/gcc/arm-none-eabi/5.2.1/armv7e-m/fpu\libgcc.a(_arm_truncdfsf2.o)
                              ..\obj\trcUser.o (__aeabi_d2f)
c:/coocox/gnu/bin/../lib/gcc/arm-none-eabi/5.2.1/../../../../arm-none-eabi/lib/armv7e-m/fpu\libg.a(lib_a-memcpy.o)
                              ..\obj\trcUser.o (memcpy)
c:/coocox/gnu/bin/../lib/gcc/arm-none-eabi/5.2.1/../../../../arm-none-eabi/lib/armv7e-m/fpu\libg.a(lib_a-memset.o)
                              ..\obj\trcBase.o (memset)
c:/coocox/gnu/bin/../lib/gcc/arm-none-eabi/5.2.1/../../../../arm-none-eabi/lib/armv7e-m/fpu\libg.a(lib_a-strncmp.o)
                              ..\obj\trcBase.o (strncmp)
c:/coocox/gnu/bin/../lib/gcc/arm-none-eabi/5.2.1/../../../../arm-none-eabi/lib/armv7e-m/fpu\libg.a(lib_a-strncpy.o)
                              ..\obj\trcBase.o (strncpy)

Allocating common symbols
Common symbol       size              file

sEEDMA_InitStructure
                    0x3c              ..\obj\stm32f429i_discovery.o
xQueueTask_E        0x4               ..\obj\main.o
xSemaphore_portique_pret
                    0x4               ..\obj\main.o
xSemaphore_I2C      0x4               ..\obj\main.o
xSemaphore_nb_piece2
                    0x4               ..\obj\main.o
xQueueRegistry      0x50              ..\obj\queue.o
xSemaphore_carton_plein
                    0x4               ..\obj\main.o
RecorderData        0x46c0            ..\obj\trcBase.o
xSemaphore_carton_pret
                    0x4               ..\obj\main.o
xSemaphore_nb_piece1
                    0x4               ..\obj\main.o
xQueuePortique      0x4               ..\obj\main.o
xQueueTask_S        0x4               ..\obj\main.o
xSemaphore_nb_piece3
                    0x4               ..\obj\main.o
xQueueTEntree       0x4               ..\obj\main.o
xQueueTSortie       0x4               ..\obj\main.o
TP_State            0x8               ..\obj\stm32f429i_discovery_ioe.o
xSemaphore_piece_prise
                    0x4               ..\obj\main.o
NVIC_InitStructure  0x4               ..\obj\stm32f429i_discovery.o
init_hwtc_count     0x4               ..\obj\trcBase.o
xQueueTEntree_Portique
                    0x4               ..\obj\main.o
xSemaphore_piece_presente
                    0x4               ..\obj\main.o

Discarded input sections

 .text          0x00000000        0x0 ..\obj\stm32f4xx_syscfg.o
 .data          0x00000000        0x0 ..\obj\stm32f4xx_syscfg.o
 .bss           0x00000000        0x0 ..\obj\stm32f4xx_syscfg.o
 .text.SYSCFG_DeInit
                0x00000000       0x1c ..\obj\stm32f4xx_syscfg.o
 .text.SYSCFG_MemoryRemapConfig
                0x00000000       0x20 ..\obj\stm32f4xx_syscfg.o
 .text.SYSCFG_MemorySwappingBank
                0x00000000       0x20 ..\obj\stm32f4xx_syscfg.o
 .text.SYSCFG_EXTILineConfig
                0x00000000       0x84 ..\obj\stm32f4xx_syscfg.o
 .text.SYSCFG_ETH_MediaInterfaceConfig
                0x00000000       0x20 ..\obj\stm32f4xx_syscfg.o
 .text.SYSCFG_CompensationCellCmd
                0x00000000       0x20 ..\obj\stm32f4xx_syscfg.o
 .text.SYSCFG_GetCompensationCellStatus
                0x00000000       0x34 ..\obj\stm32f4xx_syscfg.o
 .debug_info    0x00000000      0x298 ..\obj\stm32f4xx_syscfg.o
 .debug_abbrev  0x00000000      0x133 ..\obj\stm32f4xx_syscfg.o
 .debug_aranges
                0x00000000       0x50 ..\obj\stm32f4xx_syscfg.o
 .debug_ranges  0x00000000       0x40 ..\obj\stm32f4xx_syscfg.o
 .debug_line    0x00000000      0x1d6 ..\obj\stm32f4xx_syscfg.o
 .debug_str     0x00000000      0x32c ..\obj\stm32f4xx_syscfg.o
 .comment       0x00000000       0x6f ..\obj\stm32f4xx_syscfg.o
 .debug_frame   0x00000000      0x11c ..\obj\stm32f4xx_syscfg.o
 .ARM.attributes
                0x00000000       0x39 ..\obj\stm32f4xx_syscfg.o
 .text          0x00000000        0x0 ..\obj\trcKernel.o
 .text.vTraceSetReadyEventsEnabled
                0x00000000       0x20 ..\obj\trcKernel.o
 .text.vTraceStoreLowPower
                0x00000000       0xa8 ..\obj\trcKernel.o
 .text          0x00000000        0x0 ..\obj\stm32f429i_discovery_ioe.o
 .bss           0x00000000        0x8 ..\obj\stm32f429i_discovery_ioe.o
 .text.IOE_TPITConfig
                0x00000000       0x20 ..\obj\stm32f429i_discovery_ioe.o
 .text.IOE_TP_GetState
                0x00000000       0xcc ..\obj\stm32f429i_discovery_ioe.o
 .text.IOE_GetGITStatus
                0x00000000       0x34 ..\obj\stm32f429i_discovery_ioe.o
 .text.IOE_ClearGITPending
                0x00000000       0x20 ..\obj\stm32f429i_discovery_ioe.o
 .text.IOE_GITCmd
                0x00000000       0x44 ..\obj\stm32f429i_discovery_ioe.o
 .text.IOE_GITConfig
                0x00000000       0x50 ..\obj\stm32f429i_discovery_ioe.o
 .text.I2C_DMA_WriteDeviceRegister
[...]
Memory Configuration

Name             Origin             Length             Attributes
rom              0x08000000         0x00200000         xr
ram              0x20000000         0x00030000         xrw
ram1             0x10000000         0x00010000         xrw
*default*        0x00000000         0xffffffff

Linker script and memory map

                0x20030000                _eram = 0x20030000

.text           0x08000000     0x89e9
 *(.isr_vector)
 .isr_vector    0x08000000      0x1ac ..\obj\startup_stm32f429_439xx.o
                0x08000000                g_pfnVectors
 *(.text*)
 .text.vTraceStoreTaskReady
                0x080001ac       0xec ..\obj\trcKernel.o
                0x080001ac                vTraceStoreTaskReady
 .text.vTraceStoreMemMangEvent
                0x08000298      0x128 ..\obj\trcKernel.o
                0x08000298                vTraceStoreMemMangEvent
 .text.vTraceStoreKernelCall
                0x080003c0      0x140 ..\obj\trcKernel.o
                0x080003c0                vTraceStoreKernelCall
 .text.vTraceStoreKernelCallWithParam
                0x08000500      0x150 ..\obj\trcKernel.o
                0x08000500                vTraceStoreKernelCallWithParam
 .text.prvTraceGetParam
                0x08000650       0x78 ..\obj\trcKernel.o
 .text.vTraceStoreKernelCallWithNumericParamOnly
                0x080006c8      0x100 ..\obj\trcKernel.o
                0x080006c8                vTraceStoreKernelCallWithNumericParamOnly
 .text.vTraceStoreTaskswitch
                0x080007c8      0x12c ..\obj\trcKernel.o
                0x080007c8                vTraceStoreTaskswitch
 .text.vTraceStoreObjectNameOnCloseEvent
                0x080008f4       0xa4 ..\obj\trcKernel.o
                0x080008f4                vTraceStoreObjectNameOnCloseEvent
 .text.vTraceStoreObjectPropertiesOnCloseEvent
                0x08000998       0xd0 ..\obj\trcKernel.o
                0x08000998                vTraceStoreObjectPropertiesOnCloseEvent
 .text.vTraceSetPriorityProperty
                0x08000a68       0x78 ..\obj\trcKernel.o
                0x08000a68                vTraceSetPriorityProperty
 .text.uiTraceGetPriorityProperty
                0x08000ae0       0x7c ..\obj\trcKernel.o
                0x08000ae0                uiTraceGetPriorityProperty
 .text.vTraceSetObjectState
                0x08000b5c       0x78 ..\obj\trcKernel.o
                0x08000b5c                vTraceSetObjectState
 .text.uiTraceGetObjectState
                0x08000bd4       0x78 ..\obj\trcKernel.o
                0x08000bd4                uiTraceGetObjectState
 .text.vTraceSetTaskInstanceFinished
                0x08000c4c       0x54 ..\obj\trcKernel.o
                0x08000c4c                vTraceSetTaskInstanceFinished
 .text.IOE_Config
                0x08000ca0       0x30 ..\obj\stm32f429i_discovery_ioe.o
                0x08000ca0                IOE_Config
 .text.IOE_IsOperational
                0x08000cd0       0x34 ..\obj\stm32f429i_discovery_ioe.o
                0x08000cd0                IOE_IsOperational
 .text.IOE_Reset
                0x08000d04       0x20 ..\obj\stm32f429i_discovery_ioe.o
                0x08000d04                IOE_Reset
 .text.IOE_ReadID
                0x08000d24       0x34 ..\obj\stm32f429i_discovery_ioe.o
                0x08000d24                IOE_ReadID
 .text.IOE_FnctCmd
                0x08000d58       0x50 ..\obj\stm32f429i_discovery_ioe.o
                0x08000d58                IOE_FnctCmd
 .text.IOE_TP_Config
                0x08000da8       0x94 ..\obj\stm32f429i_discovery_ioe.o
                0x08000da8                IOE_TP_Config
 .text.IOE_IOAFConfig
                0x08000e3c       0x50 ..\obj\stm32f429i_discovery_ioe.o
                0x08000e3c                IOE_IOAFConfig
 .text.IOE_GPIO_Config
                0x08000e8c       0x8c ..\obj\stm32f429i_discovery_ioe.o
 .text.IOE_I2C_Config
                0x08000f18       0x54 ..\obj\stm32f429i_discovery_ioe.o
 .text.I2C_WriteDeviceRegister
                0x08000f6c      0x160 ..\obj\stm32f429i_discovery_ioe.o
                0x08000f6c                I2C_WriteDeviceRegister
 .text.I2C_WritePCFRegister
                0x080010cc      0x124 ..\obj\stm32f429i_discovery_ioe.o
                0x080010cc                I2C_WritePCFRegister
 .text.I2C_ReadDeviceRegister
                0x080011f0      0x1dc ..\obj\stm32f429i_discovery_ioe.o
                0x080011f0                I2C_ReadDeviceRegister
 .text.I2C_ReadPCFRegister
                0x080013cc       0xf0 ..\obj\stm32f429i_discovery_ioe.o
                0x080013cc                I2C_ReadPCFRegister
 .text.IOE_TimeoutUserCallback
                0x080014bc       0x6c ..\obj\stm32f429i_discovery_ioe.o
                0x080014bc                IOE_TimeoutUserCallback
 .text.delay    0x08001528       0x34 ..\obj\stm32f429i_discovery_ioe.o
 .text.main     0x0800155c      0x388 ..\obj\main.o
                0x0800155c                main
 .text.vTEntree
                0x080018e4      0x28c ..\obj\main.o
                0x080018e4                vTEntree
 .text.vPortique
                0x08001b70      0x604 ..\obj\main.o
                0x08001b70                vPortique
 .text.vTSortie
                0x08002174      0x1a8 ..\obj\main.o
                0x08002174                vTSortie
 .text.vTask_E  0x0800231c      0x390 ..\obj\main.o
                0x0800231c                vTask_E
 .text.vTask_S  0x080026ac       0xd8 ..\obj\main.o
                0x080026ac                vTask_S
 .text.prvTraceInitTraceData
                0x08002784      0x21c ..\obj\trcBase.o
                0x08002784                prvTraceInitTraceData
 .text.vInitStartMarkers
                0x080029a0       0x54 ..\obj\trcBase.o
 .text.xTraceNextFreeEventBufferSlot
                0x080029f4       0x48 ..\obj\trcBase.o
                0x080029f4                xTraceNextFreeEventBufferSlot
 .text.uiIndexOfObject
                0x08002a3c       0xb0 ..\obj\trcBase.o
                0x08002a3c                uiIndexOfObject
 .text.xTraceGetObjectHandle
                0x08002aec      0x270 ..\obj\trcBase.o
                0x08002aec                xTraceGetObjectHandle
 .text.vTraceFreeObjectHandle
                0x08002d5c       0xa4 ..\obj\trcBase.o
                0x08002d5c                vTraceFreeObjectHandle
 .text.vTraceSetObjectName
                0x08002e00       0xbc ..\obj\trcBase.o
                0x08002e00                vTraceSetObjectName
 .text.prvTraceOpenSymbol
                0x08002ebc       0xa0 ..\obj\trcBase.o
                0x08002ebc                prvTraceOpenSymbol
 .text.vTraceError
                0x08002f5c       0x70 ..\obj\trcBase.o
                0x08002f5c                vTraceError
 .text.prvTraceUpdateCounters
                0x08002fcc       0x3c ..\obj\trcBase.o
                0x08002fcc                prvTraceUpdateCounters
 .text.prvTraceGetDTS
                0x08003008      0x16c ..\obj\trcBase.o
                0x08003008                prvTraceGetDTS
 .text.prvTraceLookupSymbolTableEntry
                0x08003174       0xf8 ..\obj\trcBase.o
                0x08003174                prvTraceLookupSymbolTableEntry
 .text.prvTraceCreateSymbolTableEntry
                0x0800326c      0x17c ..\obj\trcBase.o
                0x0800326c                prvTraceCreateSymbolTableEntry
 .text.prvTraceGetChecksum
                0x080033e8       0x8c ..\obj\trcBase.o
                0x080033e8                prvTraceGetChecksum
 .text.RCC_GetClocksFreq
                0x08003474      0x154 ..\obj\stm32f4xx_rcc.o
                0x08003474                RCC_GetClocksFreq
 .text.RCC_AHB1PeriphClockCmd
                0x080035c8       0x40 ..\obj\stm32f4xx_rcc.o
                0x080035c8                RCC_AHB1PeriphClockCmd
 .text.RCC_APB1PeriphClockCmd
                0x08003608       0x40 ..\obj\stm32f4xx_rcc.o
                0x08003608                RCC_APB1PeriphClockCmd
 .text.RCC_APB2PeriphClockCmd
                0x08003648       0x40 ..\obj\stm32f4xx_rcc.o
                0x08003648                RCC_APB2PeriphClockCmd
 .text.RCC_APB1PeriphResetCmd
                0x08003688       0x40 ..\obj\stm32f4xx_rcc.o
                0x08003688                RCC_APB1PeriphResetCmd
 .text.xTimerCreateTimerTask
                0x080036c8       0x6c ..\obj\timers.o
                0x080036c8                xTimerCreateTimerTask
 .text.xTimerGenericCommand
                0x08003734      0x12c ..\obj\timers.o
                0x08003734                xTimerGenericCommand
 .text.prvProcessExpiredTimer
                0x08003860       0x80 ..\obj\timers.o
 .text.prvTimerTask
                0x080038e0       0x24 ..\obj\timers.o
 .text.prvProcessTimerOrBlockTask
                0x08003904       0x9c ..\obj\timers.o
 .text.prvGetNextExpireTime
                0x080039a0       0x48 ..\obj\timers.o
 .text.prvSampleTimeNow
                0x080039e8       0x40 ..\obj\timers.o
 .text.prvInsertTimerInActiveList
                0x08003a28       0x84 ..\obj\timers.o
 .text.prvProcessReceivedCommands
                0x08003aac      0x124 ..\obj\timers.o
 .text.prvSwitchTimerLists
                0x08003bd0       0xc0 ..\obj\timers.o
 .text.prvCheckForValidListAndQueue
                0x08003c90       0x90 ..\obj\timers.o
 .text.xTaskGenericCreate
                0x08003d20      0x20c ..\obj\tasks.o
                0x08003d20                xTaskGenericCreate
 .text.vTaskDelayUntil
                0x08003f2c      0x14c ..\obj\tasks.o
                0x08003f2c                vTaskDelayUntil
 .text.vTaskDelay
                0x08004078       0xd4 ..\obj\tasks.o
                0x08004078                vTaskDelay
 .text.vTaskStartScheduler
                0x0800414c       0x98 ..\obj\tasks.o
                0x0800414c                vTaskStartScheduler
 .text.vTaskSuspendAll
                0x080041e4       0x1c ..\obj\tasks.o
                0x080041e4                vTaskSuspendAll
 .text.xTaskResumeAll
                0x08004200      0x134 ..\obj\tasks.o
                0x08004200                xTaskResumeAll
 .text.xTaskGetTickCount
                0x08004334       0x20 ..\obj\tasks.o
                0x08004334                xTaskGetTickCount
 .text.xTaskIncrementTick
                0x08004354      0x1b0 ..\obj\tasks.o
                0x08004354                xTaskIncrementTick
 .text.vTaskSwitchContext
                0x08004504       0xc4 ..\obj\tasks.o
                0x08004504                vTaskSwitchContext
 .text.vTaskPlaceOnEventList
                0x080045c8       0x9c ..\obj\tasks.o
                0x080045c8                vTaskPlaceOnEventList
 .text.vTaskPlaceOnEventListRestricted
                0x08004664       0xcc ..\obj\tasks.o
                0x08004664                vTaskPlaceOnEventListRestricted
 .text.xTaskRemoveFromEventList
                0x08004730       0xd0 ..\obj\tasks.o
                0x08004730                xTaskRemoveFromEventList
 .text.vTaskSetTimeOutState
                0x08004800       0x48 ..\obj\tasks.o
                0x08004800                vTaskSetTimeOutState
 .text.xTaskCheckForTimeOut
                0x08004848       0xbc ..\obj\tasks.o
                0x08004848                xTaskCheckForTimeOut
 .text.vTaskMissedYield
                0x08004904       0x18 ..\obj\tasks.o
                0x08004904                vTaskMissedYield
 .text.uxTaskGetTaskNumber
                0x0800491c       0x2c ..\obj\tasks.o
                0x0800491c                uxTaskGetTaskNumber
 .text.prvIdleTask
                0x08004948       0x30 ..\obj\tasks.o
 .text.prvInitialiseTCBVariables
                0x08004978       0xa8 ..\obj\tasks.o
 .text.prvInitialiseTaskLists
                0x08004a20       0x80 ..\obj\tasks.o
 .text.prvCheckTasksWaitingTermination
                0x08004aa0       0x78 ..\obj\tasks.o
 .text.prvAddCurrentTaskToDelayedList
                0x08004b18       0x6c ..\obj\tasks.o
 .text.prvAllocateTCBAndStack
                0x08004b84       0x6c ..\obj\tasks.o
 .text.prvDeleteTCB
                0x08004bf0       0x20 ..\obj\tasks.o
 .text.prvResetNextTaskUnblockTime
                0x08004c10       0x4c ..\obj\tasks.o
 .text.xTaskGetCurrentTaskHandle
                0x08004c5c       0x20 ..\obj\tasks.o
                0x08004c5c                xTaskGetCurrentTaskHandle
 .text.xTaskGetSchedulerState
                0x08004c7c       0x3c ..\obj\tasks.o
                0x08004c7c                xTaskGetSchedulerState
 .text.vTaskPriorityInherit
                0x08004cb8      0x140 ..\obj\tasks.o
                0x08004cb8                vTaskPriorityInherit
 .text.xTaskPriorityDisinherit
                0x08004df8      0x154 ..\obj\tasks.o
                0x08004df8                xTaskPriorityDisinherit
 .text.pvTaskIncrementMutexHeldCount
                0x08004f4c       0x28 ..\obj\tasks.o
                0x08004f4c                pvTaskIncrementMutexHeldCount
 .text.GPIO_Init
                0x08004f74      0x11c ..\obj\stm32f4xx_gpio.o
                0x08004f74                GPIO_Init
 .text.GPIO_PinAFConfig
                0x08005090       0x94 ..\obj\stm32f4xx_gpio.o
                0x08005090                GPIO_PinAFConfig
 .text.vListInitialise
                0x08005124       0x40 ..\obj\list.o
                0x08005124                vListInitialise
 .text.vListInitialiseItem
                0x08005164       0x1c ..\obj\list.o
                0x08005164                vListInitialiseItem
 .text.vListInsertEnd
                0x08005180       0x48 ..\obj\list.o
                0x08005180                vListInsertEnd
 .text.vListInsert
                0x080051c8       0x74 ..\obj\list.o
                0x080051c8                vListInsert
 .text.uxListRemove
                0x0800523c       0x54 ..\obj\list.o
                0x0800523c                uxListRemove
 .text.SystemInit
                0x08005290       0x6c ..\obj\system_stm32f4xx.o
                0x08005290                SystemInit
 .text.SetSysClock
                0x080052fc      0x12c ..\obj\system_stm32f4xx.o
 .text.vTraceInitTraceData
                0x08005428        0xc ..\obj\trcUser.o
                0x08005428                vTraceInitTraceData
 .text.uiTraceStart
                0x08005434       0xc0 ..\obj\trcUser.o
                0x08005434                uiTraceStart
 .text.vTraceStop
                0x080054f4       0x28 ..\obj\trcUser.o
                0x080054f4                vTraceStop
 .text.pxPortInitialiseStack
                0x0800551c       0x64 ..\obj\port.o
                0x0800551c                pxPortInitialiseStack
 .text.prvTaskExitError
                0x08005580       0x3c ..\obj\port.o
 .text.SVC_Handler
                0x080055bc       0x24 ..\obj\port.o
                0x080055bc                SVC_Handler
 .text.prvPortStartFirstTask
                0x080055e0       0x20 ..\obj\port.o
 .text.xPortStartScheduler
                0x08005600      0x118 ..\obj\port.o
                0x08005600                xPortStartScheduler
 .text.vPortEnterCritical
                0x08005718       0x5c ..\obj\port.o
                0x08005718                vPortEnterCritical
 .text.vPortExitCritical
                0x08005774       0x50 ..\obj\port.o
                0x08005774                vPortExitCritical
 .text.PendSV_Handler
                0x080057c4       0x64 ..\obj\port.o
                0x080057c4                PendSV_Handler
 .text.SysTick_Handler
                0x08005828       0x48 ..\obj\port.o
                0x08005828                SysTick_Handler
 .text.vPortSetupTimerInterrupt
                0x08005870       0x38 ..\obj\port.o
                0x08005870                vPortSetupTimerInterrupt
 .text.vPortEnableVFP
                0x080058a8       0x14 ..\obj\port.o
 .text.vPortValidateInterruptPriority
                0x080058bc       0x7c ..\obj\port.o
                0x080058bc                vPortValidateInterruptPriority
 .text.xQueueGenericReset
                0x08005938       0xd0 ..\obj\queue.o
                0x08005938                xQueueGenericReset
 .text.xQueueGenericCreate
                0x08005a08      0x128 ..\obj\queue.o
                0x08005a08                xQueueGenericCreate
 .text.xQueueCreateCountingSemaphore
                0x08005b30       0x7c ..\obj\queue.o
                0x08005b30                xQueueCreateCountingSemaphore
 .text.xQueueGenericSend
                0x08005bac      0x300 ..\obj\queue.o
                0x08005bac                xQueueGenericSend
 .text.xQueueGenericSendFromISR
                0x08005eac      0x1b0 ..\obj\queue.o
                0x08005eac                xQueueGenericSendFromISR
 .text.xQueueGenericReceive
                0x0800605c      0x388 ..\obj\queue.o
                0x0800605c                xQueueGenericReceive
 .text.uxQueueMessagesWaiting
                0x080063e4       0x3c ..\obj\queue.o
                0x080063e4                uxQueueMessagesWaiting
 .text.uxQueueGetQueueNumber
                0x08006420       0x18 ..\obj\queue.o
                0x08006420                uxQueueGetQueueNumber
 .text.ucQueueGetQueueType
                0x08006438       0x1c ..\obj\queue.o
                0x08006438                ucQueueGetQueueType
 .text.prvCopyDataToQueue
                0x08006454       0xd8 ..\obj\queue.o
 .text.prvCopyDataFromQueue
                0x0800652c       0x4c ..\obj\queue.o
 .text.prvUnlockQueue
                0x08006578       0x98 ..\obj\queue.o
 .text.prvIsQueueEmpty
                0x08006610       0x2c ..\obj\queue.o
 .text.prvIsQueueFull
                0x0800663c       0x30 ..\obj\queue.o
 .text.vQueueAddToRegistry
                0x0800666c       0x70 ..\obj\queue.o
                0x0800666c                vQueueAddToRegistry
 .text.vQueueWaitForMessageRestricted
                0x080066dc       0x5c ..\obj\queue.o
                0x080066dc                vQueueWaitForMessageRestricted
 .text.prvTraceGetObjectNumber
                0x08006738       0x1c ..\obj\trcKernelPort.o
                0x08006738                prvTraceGetObjectNumber
 .text.prvTraceGetObjectType
                0x08006754       0x18 ..\obj\trcKernelPort.o
                0x08006754                prvTraceGetObjectType
 .text.prvTraceGetTaskNumber
                0x0800676c       0x1c ..\obj\trcKernelPort.o
                0x0800676c                prvTraceGetTaskNumber
 .text.prvTraceGetCurrentTaskHandle
                0x08006788       0x10 ..\obj\trcKernelPort.o
                0x08006788                prvTraceGetCurrentTaskHandle
 .text.vTraceInitObjectPropertyTable
                0x08006798      0x148 ..\obj\trcKernelPort.o
                0x08006798                vTraceInitObjectPropertyTable
 .text.vTraceInitObjectHandleStack
                0x080068e0       0xa0 ..\obj\trcKernelPort.o
                0x080068e0                vTraceInitObjectHandleStack
 .text.pszTraceGetErrorNotEnoughHandles
                0x08006980       0x80 ..\obj\trcKernelPort.o
                0x08006980                pszTraceGetErrorNotEnoughHandles
 .text.uiTraceIsObjectExcluded
                0x08006a00      0x170 ..\obj\trcKernelPort.o
                0x08006a00                uiTraceIsObjectExcluded
 .text.Reset_Handler
                0x08006b70       0x44 ..\obj\startup_stm32f429_439xx.o
                0x08006b70                Reset_Handler
 .text.Default_Handler
                0x08006bb4        0x2 ..\obj\startup_stm32f429_439xx.o
                0x08006bb4                RTC_Alarm_IRQHandler
                0x08006bb4                HASH_RNG_IRQHandler
                0x08006bb4                EXTI2_IRQHandler
                0x08006bb4                TIM8_CC_IRQHandler
                0x08006bb4                DebugMon_Handler
                0x08006bb4                UART8_IRQHandler
                0x08006bb4                SPI4_IRQHandler
                0x08006bb4                TIM1_CC_IRQHandler
                0x08006bb4                DMA2_Stream5_IRQHandler
                0x08006bb4                HardFault_Handler
                0x08006bb4                DMA1_Stream5_IRQHandler
                0x08006bb4                PVD_IRQHandler
                0x08006bb4                SDIO_IRQHandler
                0x08006bb4                TAMP_STAMP_IRQHandler
                0x08006bb4                NMI_Handler
                0x08006bb4                CAN2_RX1_IRQHandler
                0x08006bb4                EXTI3_IRQHandler
                0x08006bb4                TIM8_TRG_COM_TIM14_IRQHandler
                0x08006bb4                TIM1_UP_TIM10_IRQHandler
                0x08006bb4                TIM8_UP_TIM13_IRQHandler
                0x08006bb4                I2C3_ER_IRQHandler
                0x08006bb4                EXTI0_IRQHandler
                0x08006bb4                I2C2_EV_IRQHandler
                0x08006bb4                DMA1_Stream2_IRQHandler
                0x08006bb4                CAN1_RX0_IRQHandler
                0x08006bb4                FPU_IRQHandler
                0x08006bb4                OTG_HS_WKUP_IRQHandler
                0x08006bb4                UsageFault_Handler
                0x08006bb4                LTDC_ER_IRQHandler
                0x08006bb4                CAN2_SCE_IRQHandler
                0x08006bb4                DMA2_Stream2_IRQHandler
                0x08006bb4                SPI1_IRQHandler
                0x08006bb4                TIM6_DAC_IRQHandler
                0x08006bb4                TIM1_BRK_TIM9_IRQHandler
                0x08006bb4                DCMI_IRQHandler
                0x08006bb4                CAN2_RX0_IRQHandler
                0x08006bb4                DMA2_Stream3_IRQHandler
                0x08006bb4                USART6_IRQHandler
                0x08006bb4                USART3_IRQHandler
                0x08006bb4                CRYP_IRQHandler
                0x08006bb4                CAN1_RX1_IRQHandler
                0x08006bb4                UART5_IRQHandler
                0x08006bb4                DMA2_Stream0_IRQHandler
                0x08006bb4                TIM4_IRQHandler
                0x08006bb4                I2C1_EV_IRQHandler
                0x08006bb4                DMA1_Stream6_IRQHandler
                0x08006bb4                DMA1_Stream1_IRQHandler
                0x08006bb4                UART4_IRQHandler
                0x08006bb4                TIM3_IRQHandler
                0x08006bb4                RCC_IRQHandler
                0x08006bb4                TIM8_BRK_TIM12_IRQHandler
                0x08006bb4                Default_Handler
                0x08006bb4                EXTI15_10_IRQHandler
                0x08006bb4                ADC_IRQHandler
                0x08006bb4                DMA1_Stream7_IRQHandler
                0x08006bb4                SPI5_IRQHandler
                0x08006bb4                TIM7_IRQHandler
                0x08006bb4                CAN2_TX_IRQHandler
                0x08006bb4                TIM5_IRQHandler
                0x08006bb4                DMA2_Stream7_IRQHandler
                0x08006bb4                I2C3_EV_IRQHandler
                0x08006bb4                EXTI9_5_IRQHandler
                0x08006bb4                RTC_WKUP_IRQHandler
                0x08006bb4                LTDC_IRQHandler
                0x08006bb4                ETH_WKUP_IRQHandler
                0x08006bb4                SPI2_IRQHandler
                0x08006bb4                OTG_HS_EP1_IN_IRQHandler
                0x08006bb4                MemManage_Handler
                0x08006bb4                DMA1_Stream0_IRQHandler
                0x08006bb4                CAN1_TX_IRQHandler
                0x08006bb4                EXTI4_IRQHandler
                0x08006bb4                FSMC_IRQHandler
                0x08006bb4                ETH_IRQHandler
                0x08006bb4                OTG_HS_EP1_OUT_IRQHandler
                0x08006bb4                WWDG_IRQHandler
                0x08006bb4                SPI6_IRQHandler
                0x08006bb4                TIM2_IRQHandler
                0x08006bb4                OTG_FS_WKUP_IRQHandler
                0x08006bb4                TIM1_TRG_COM_TIM11_IRQHandler
                0x08006bb4                OTG_HS_IRQHandler
                0x08006bb4                DMA2D_IRQHandler
                0x08006bb4                EXTI1_IRQHandler
                0x08006bb4                UART7_IRQHandler
                0x08006bb4                USART2_IRQHandler
                0x08006bb4                I2C2_ER_IRQHandler
                0x08006bb4                DMA2_Stream1_IRQHandler
                0x08006bb4                CAN1_SCE_IRQHandler
                0x08006bb4                FLASH_IRQHandler
                0x08006bb4                DMA2_Stream4_IRQHandler
                0x08006bb4                BusFault_Handler
                0x08006bb4                USART1_IRQHandler
                0x08006bb4                OTG_FS_IRQHandler
                0x08006bb4                SPI3_IRQHandler
                0x08006bb4                DMA1_Stream4_IRQHandler
                0x08006bb4                I2C1_ER_IRQHandler
                0x08006bb4                DMA2_Stream6_IRQHandler
                0x08006bb4                SAI1_IRQHandler
                0x08006bb4                DMA1_Stream3_IRQHandler
 *fill*         0x08006bb6        0x2 
 .text.I2C_DeInit
                0x08006bb8       0x74 ..\obj\stm32f4xx_i2c.o
                0x08006bb8                I2C_DeInit
 .text.I2C_Init
                0x08006c2c      0x184 ..\obj\stm32f4xx_i2c.o
                0x08006c2c                I2C_Init
 .text.I2C_Cmd  0x08006db0       0x40 ..\obj\stm32f4xx_i2c.o
                0x08006db0                I2C_Cmd
 .text.I2C_GenerateSTART
                0x08006df0       0x40 ..\obj\stm32f4xx_i2c.o
                0x08006df0                I2C_GenerateSTART
 .text.I2C_GenerateSTOP
                0x08006e30       0x40 ..\obj\stm32f4xx_i2c.o
                0x08006e30                I2C_GenerateSTOP
 .text.I2C_Send7bitAddress
                0x08006e70       0x3c ..\obj\stm32f4xx_i2c.o
                0x08006e70                I2C_Send7bitAddress
 .text.I2C_AcknowledgeConfig
                0x08006eac       0x40 ..\obj\stm32f4xx_i2c.o
                0x08006eac                I2C_AcknowledgeConfig
 .text.I2C_SoftwareResetCmd
                0x08006eec       0x44 ..\obj\stm32f4xx_i2c.o
                0x08006eec                I2C_SoftwareResetCmd
 .text.I2C_SendData
                0x08006f30       0x20 ..\obj\stm32f4xx_i2c.o
                0x08006f30                I2C_SendData
 .text.I2C_ReceiveData
                0x08006f50       0x1c ..\obj\stm32f4xx_i2c.o
                0x08006f50                I2C_ReceiveData
 .text.I2C_GetFlagStatus
                0x08006f6c       0x68 ..\obj\stm32f4xx_i2c.o
                0x08006f6c                I2C_GetFlagStatus
 .text.prvTraceInitCortexM
                0x08006fd4       0x7c ..\obj\trcHardwarePort.o
                0x08006fd4                prvTraceInitCortexM
 .text.vTracePortGetTimeStamp
                0x08007050       0xc4 ..\obj\trcHardwarePort.o
                0x08007050                vTracePortGetTimeStamp
 .text.pvPortMalloc
                0x08007114       0xa0 ..\obj\heap_1.o
                0x08007114                pvPortMalloc
 .text.vPortFree
                0x080071b4       0x30 ..\obj\heap_1.o
                0x080071b4                vPortFree
 .text.STM_EVAL_LEDInit
                0x080071e4       0x5c ..\obj\stm32f429i_discovery.o
                0x080071e4                STM_EVAL_LEDInit
 .text.STM_EVAL_LEDOn
                0x08007240       0x30 ..\obj\stm32f429i_discovery.o
                0x08007240                STM_EVAL_LEDOn
 .text.STM_EVAL_LEDOff
                0x08007270       0x30 ..\obj\stm32f429i_discovery.o
                0x08007270                STM_EVAL_LEDOff
 .text          0x080072a0      0x134 c:/coocox/gnu/bin/../lib/gcc/arm-none-eabi/5.2.1/../../../../arm-none-eabi/lib/armv7e-m/fpu\libg.a(lib_a-memcpy.o)
                0x080072a0                memcpy
 .text.memset   0x080073d4       0x9c c:/coocox/gnu/bin/../lib/gcc/arm-none-eabi/5.2.1/../../../../arm-none-eabi/lib/armv7e-m/fpu\libg.a(lib_a-memset.o)
                0x080073d4                memset
 .text.strncmp  0x08007470       0xa0 c:/coocox/gnu/bin/../lib/gcc/arm-none-eabi/5.2.1/../../../../arm-none-eabi/lib/armv7e-m/fpu\libg.a(lib_a-strncmp.o)
                0x08007470                strncmp
 .text.strncpy  0x08007510       0x68 c:/coocox/gnu/bin/../lib/gcc/arm-none-eabi/5.2.1/../../../../arm-none-eabi/lib/armv7e-m/fpu\libg.a(lib_a-strncpy.o)
                0x08007510                strncpy
 *(.init)
 *(.fini)
 *crtbegin.o(.ctors)
 *crtbegin?.o(.ctors)
 *(EXCLUDE_FILE(*crtend.o *crtend?.o) .ctors)
 *(SORT(.ctors.*))
 *(.ctors)
 *crtbegin.o(.dtors)
 *crtbegin?.o(.dtors)
 *(EXCLUDE_FILE(*crtend.o *crtend?.o) .dtors)
 *(SORT(.dtors.*))
 *(.dtors)
 *(.rodata*)
 .rodata        0x08007578      0x756 ..\obj\trcKernel.o
 *fill*         0x08007cce        0x2 
 .rodata        0x08007cd0       0x33 ..\obj\main.o
 *fill*         0x08007d03        0x1 
 .rodata        0x08007d04      0x617 ..\obj\trcBase.o
 *fill*         0x0800831b        0x1 
 .rodata        0x0800831c        0xd ..\obj\timers.o
 *fill*         0x08008329        0x3 
 .rodata        0x0800832c        0x5 ..\obj\tasks.o
 *fill*         0x08008331        0x3 
 .rodata        0x08008334      0x3b1 ..\obj\trcUser.o
 *fill*         0x080086e5        0x3 
 .rodata        0x080086e8      0x298 ..\obj\trcKernelPort.o
 .rodata        0x08008980       0x47 ..\obj\trcHardwarePort.o
 *fill*         0x080089c7        0x1 
 .rodata        0x080089c8       0x21 ..\obj\stm32f429i_discovery.o
                0x080089c8                GPIO_PIN
                0x080089cc                GPIO_CLK
                0x080089d4                BUTTON_PIN
                0x080089d8                BUTTON_CLK
                0x080089dc                BUTTON_EXTI_LINE
                0x080089e0                BUTTON_PORT_SOURCE
                0x080089e4                BUTTON_PIN_SOURCE
                0x080089e8                BUTTON_IRQn
 *(.eh_fram e*)

.glue_7         0x080089ec        0x0
 .glue_7        0x080089ec        0x0 linker stubs

.glue_7t        0x080089ec        0x0
 .glue_7t       0x080089ec        0x0 linker stubs

.vfp11_veneer   0x080089ec        0x0
 .vfp11_veneer  0x080089ec        0x0 linker stubs

.v4_bx          0x080089ec        0x0
 .v4_bx         0x080089ec        0x0 linker stubs

.iplt           0x080089ec        0x0
 .iplt          0x080089ec        0x0 ..\obj\stm32f4xx_syscfg.o

.rel.dyn        0x080089ec        0x0
 .rel.iplt      0x080089ec        0x0 ..\obj\stm32f4xx_syscfg.o

.ARM.extab
 *(.ARM.extab* .gnu.linkonce.armextab.*)
                0x080089ec                __exidx_start = .

.ARM.exidx
 *(.ARM.exidx* .gnu.linkonce.armexidx.*)
                0x080089ec                __exidx_end = .
                0x080089ec                __etext = .
                0x080089e9                _sidata = __etext

.data           0x20000000       0xd4 load address 0x080089e9
                0x20000000                __data_start__ = .
                0x20000000                _sdata = __data_start__
 *(vtable)
 *(.data*)
 .data          0x20000000        0x4 ..\obj\trcKernel.o
 .data          0x20000004        0x4 ..\obj\stm32f429i_discovery_ioe.o
                0x20000004                IOE_TimeOut
 .data          0x20000008       0x90 ..\obj\main.o
 .data          0x20000098       0x10 ..\obj\stm32f4xx_rcc.o
 .data          0x200000a8       0x14 ..\obj\system_stm32f4xx.o
                0x200000a8                SystemCoreClock
                0x200000ac                AHBPrescTable
 .data          0x200000bc        0x4 ..\obj\port.o
 .data          0x200000c0        0x5 ..\obj\trcKernelPort.o
                0x200000c0                TraceObjectClassTable
 *fill*         0x200000c5        0x3 
 .data          0x200000c8        0xc ..\obj\stm32f429i_discovery.o
                0x200000c8                GPIO_PORT
                0x200000d0                BUTTON_PORT
                0x200000d4                . = ALIGN (0x4)
                [!provide]                PROVIDE (__preinit_array_start, .)
 *(.preinit_array)
                [!provide]                PROVIDE (__preinit_array_end, .)
                0x200000d4                . = ALIGN (0x4)
                [!provide]                PROVIDE (__init_array_start, .)
 *(SORT(.init_array.*))
 *(.init_array)
                [!provide]                PROVIDE (__init_array_end, .)
                0x200000d4                . = ALIGN (0x4)
                [!provide]                PROVIDE (__fini_array_start, .)
 *(SORT(.fini_array.*))
 *(.fini_array)
                [!provide]                PROVIDE (__fini_array_end, .)
 *(.jcr*)
                0x200000d4                . = ALIGN (0x4)
                0x200000d4                __data_end__ = .
                0x200000d4                _edata = __data_end__

.igot.plt       0x200000d4        0x0 load address 0x08008ac0
 .igot.plt      0x200000d4        0x0 ..\obj\stm32f4xx_syscfg.o

.bss            0x200000d4    0x1767c load address 0x08008ac0
                0x200000d4                . = ALIGN (0x4)
                0x200000d4                __bss_start__ = .
                0x200000d4                _sbss = __bss_start__
 *(.bss*)
 .bss           0x200000d4        0x8 ..\obj\trcKernel.o
                0x200000d4                nISRactive
                0x200000d5                handle_of_last_logged_task
                0x200000d6                inExcludedTask
 .bss           0x200000dc       0xa5 ..\obj\main.o
 *fill*         0x20000181        0x3 
 .bss           0x20000184       0xb4 ..\obj\trcBase.o
                0x20000184                excludedObjects
                0x2000018c                excludedEventCodes
                0x200001b0                objectHandleStacks
                0x20000220                RecorderDataPtr
                0x20000224                recorder_busy
                0x20000228                traceErrorMessage
 .bss           0x20000238       0x3c ..\obj\timers.o
 .bss           0x20000274      0x13c ..\obj\tasks.o
                0x20000274                pxCurrentTCB
 .bss           0x200003b0       0x20 ..\obj\trcUser.o
                0x200003b0                vTraceStopHookPtr
                0x200003c4                isPendingContextSwitch
                0x200003c8                ptrLastISRExitEvent
                0x200003cc                DWTCycleCountAtLastISRExit
 .bss           0x200003d0        0x8 ..\obj\port.o
 .bss           0x200003d8       0x18 ..\obj\trcHardwarePort.o
                0x200003d8                trace_disable_timestamp
                0x200003dc                last_timestamp
                0x200003e0                uiTraceTickCount
                0x200003e4                DWT_CYCLES_ADDED
 .bss           0x200003f0    0x12c08 ..\obj\heap_1.o
 *(COMMON)
 COMMON         0x20012ff8        0x8 ..\obj\stm32f429i_discovery_ioe.o
                0x20012ff8                TP_State
 COMMON         0x20013000       0x3c ..\obj\main.o
                0x20013000                xQueueTask_E
                0x20013004                xSemaphore_portique_pret
                0x20013008                xSemaphore_I2C
                0x2001300c                xSemaphore_nb_piece2
                0x20013010                xSemaphore_carton_plein
                0x20013014                xSemaphore_carton_pret
                0x20013018                xSemaphore_nb_piece1
                0x2001301c                xQueuePortique
                0x20013020                xQueueTask_S
                0x20013024                xSemaphore_nb_piece3
                0x20013028                xQueueTEntree
                0x2001302c                xQueueTSortie
                0x20013030                xSemaphore_piece_prise
                0x20013034                xQueueTEntree_Portique
                0x20013038                xSemaphore_piece_presente
 COMMON         0x2001303c     0x46c4 ..\obj\trcBase.o
                0x2001303c                RecorderData
                0x200176fc                init_hwtc_count
 COMMON         0x20017700       0x50 ..\obj\queue.o
                0x20017700                xQueueRegistry
                0x20017750                . = ALIGN (0x4)
                0x20017750                __bss_end__ = .
                0x20017750                _ebss = __bss_end__

.heap           0x20017750        0x0
                0x20017750                __end__ = .
                0x20017750                _end = __end__
                0x20017750                end = __end__
 *(.heap*)
                0x20017750                __HeapLimit = .

.co_stack       0x20017750        0x0
                0x20017750                . = ALIGN (0x8)
 *(.co_stack .co_stack.*)
                0x20030000                __StackTop = (ORIGIN (ram) + LENGTH (ram))
                0x20030000                __StackLimit = (__StackTop - SIZEOF (.co_stack))
                [!provide]                PROVIDE (__stack, __StackTop)
                0x00000001                ASSERT ((__StackLimit >= __HeapLimit), region ram  overflowed with stack)
LOAD ..\obj\stm32f4xx_syscfg.o
LOAD ..\obj\trcKernel.o
LOAD ..\obj\stm32f429i_discovery_ioe.o
LOAD ..\obj\stm32f4xx_sdio.o
LOAD ..\obj\stm32f4xx_cryp_aes.o
LOAD ..\obj\stm32f4xx_hash.o
LOAD ..\obj\stm32f4xx_dma2d.o
LOAD ..\obj\stm32f4xx_hash_sha1.o
LOAD ..\obj\stm32f4xx_usart.o
LOAD ..\obj\stm32f4xx_pwr.o
LOAD ..\obj\stm32f4xx_can.o
LOAD ..\obj\stm32f4xx_wwdg.o
LOAD ..\obj\stm32f4xx_hash_md5.o
LOAD ..\obj\stm32f4xx_dac.o
LOAD ..\obj\stm32f4xx_ltdc.o
LOAD ..\obj\stm32f4xx_crc.o
LOAD ..\obj\stm32f4xx_iwdg.o
LOAD ..\obj\main.o
LOAD ..\obj\trcBase.o
LOAD ..\obj\stm32f4xx_rcc.o
LOAD ..\obj\timers.o
LOAD ..\obj\stm32f4xx_adc.o
LOAD ..\obj\stm32f4xx_dcmi.o
LOAD ..\obj\tasks.o
LOAD ..\obj\stm32f4xx_cryp_des.o
LOAD ..\obj\stm32f4xx_cryp.o
LOAD ..\obj\stm32f4xx_gpio.o
LOAD ..\obj\stm32f429i_discovery_sdram.o
LOAD ..\obj\stm32f4xx_flash.o
LOAD ..\obj\list.o
LOAD ..\obj\stm32f4xx_sai.o
LOAD ..\obj\system_stm32f4xx.o
LOAD ..\obj\stm32f4xx_dma.o
LOAD ..\obj\trcUser.o
LOAD ..\obj\stm32f4xx_fmc.o
LOAD ..\obj\port.o
LOAD ..\obj\queue.o
LOAD ..\obj\trcKernelPort.o
LOAD ..\obj\croutine.o
LOAD ..\obj\startup_stm32f429_439xx.o
LOAD ..\obj\stm32f4xx_spi.o
LOAD ..\obj\event_groups.o
LOAD ..\obj\stm32f4xx_i2c.o
LOAD ..\obj\stm32f4xx_rng.o
LOAD ..\obj\stm32f4xx_exti.o
LOAD ..\obj\trcHardwarePort.o
LOAD ..\obj\misc.o
LOAD ..\obj\heap_1.o
LOAD ..\obj\stm32f4xx_rtc.o
LOAD ..\obj\stm32f429i_discovery.o
LOAD ..\obj\stm32f429i_discovery_lcd.o
LOAD ..\obj\stm32f4xx_cryp_tdes.o
LOAD ..\obj\stm32f4xx_tim.o
LOAD ..\obj\stm32f4xx_dbgmcu.o
START GROUP
LOAD c:/coocox/gnu/bin/../lib/gcc/arm-none-eabi/5.2.1/armv7e-m/fpu\libgcc.a
LOAD c:/coocox/gnu/bin/../lib/gcc/arm-none-eabi/5.2.1/../../../../arm-none-eabi/lib/armv7e-m/fpu\libg.a
LOAD c:/coocox/gnu/bin/../lib/gcc/arm-none-eabi/5.2.1/../../../../arm-none-eabi/lib/armv7e-m/fpu\libc.a
END GROUP
OUTPUT(STM32F429_Discovery.elf elf32-littlearm)

.debug_info     0x00000000     0xc378
 .debug_info    0x00000000     0x10bf ..\obj\trcKernel.o
 .debug_info    0x000010bf      0xc46 ..\obj\stm32f429i_discovery_ioe.o
 .debug_info    0x00001d05      0x638 ..\obj\main.o
 .debug_info    0x0000233d      0xb4b ..\obj\trcBase.o
 .debug_info    0x00002e88      0xe1d ..\obj\stm32f4xx_rcc.o
 .debug_info    0x00003ca5      0xaae ..\obj\timers.o
 .debug_info    0x00004753     0x1ddf ..\obj\tasks.o
 .debug_info    0x00006532      0x61d ..\obj\stm32f4xx_gpio.o
 .debug_info    0x00006b4f      0x2d6 ..\obj\list.o
 .debug_info    0x00006e25      0x5bd ..\obj\system_stm32f4xx.o
 .debug_info    0x000073e2      0xfe4 ..\obj\trcUser.o
 .debug_info    0x000083c6      0x569 ..\obj\port.o
 .debug_info    0x0000892f     0x137a ..\obj\queue.o
 .debug_info    0x00009ca9      0x72d ..\obj\trcKernelPort.o
 .debug_info    0x0000a3d6       0xb4 ..\obj\startup_stm32f429_439xx.o
 .debug_info    0x0000a48a      0xb93 ..\obj\stm32f4xx_i2c.o
 .debug_info    0x0000b01d      0x5ce ..\obj\trcHardwarePort.o
 .debug_info    0x0000b5eb      0x1ed ..\obj\heap_1.o
 .debug_info    0x0000b7d8      0xba0 ..\obj\stm32f429i_discovery.o

.debug_abbrev   0x00000000     0x2256
 .debug_abbrev  0x00000000      0x2bd ..\obj\trcKernel.o
 .debug_abbrev  0x000002bd      0x22b ..\obj\stm32f429i_discovery_ioe.o
 .debug_abbrev  0x000004e8      0x18b ..\obj\main.o
 .debug_abbrev  0x00000673      0x2a7 ..\obj\trcBase.o
 .debug_abbrev  0x0000091a      0x1bc ..\obj\stm32f4xx_rcc.o
 .debug_abbrev  0x00000ad6      0x1f4 ..\obj\timers.o
 .debug_abbrev  0x00000cca      0x2cf ..\obj\tasks.o
 .debug_abbrev  0x00000f99      0x1a7 ..\obj\stm32f4xx_gpio.o
 .debug_abbrev  0x00001140       0xd8 ..\obj\list.o
 .debug_abbrev  0x00001218      0x138 ..\obj\system_stm32f4xx.o
 .debug_abbrev  0x00001350      0x375 ..\obj\trcUser.o
 .debug_abbrev  0x000016c5      0x1df ..\obj\port.o
 .debug_abbrev  0x000018a4      0x257 ..\obj\queue.o
 .debug_abbrev  0x00001afb      0x18c ..\obj\trcKernelPort.o
 .debug_abbrev  0x00001c87       0x12 ..\obj\startup_stm32f429_439xx.o
 .debug_abbrev  0x00001c99      0x166 ..\obj\stm32f4xx_i2c.o
 .debug_abbrev  0x00001dff      0x148 ..\obj\trcHardwarePort.o
 .debug_abbrev  0x00001f47      0x145 ..\obj\heap_1.o
 .debug_abbrev  0x0000208c      0x1ca ..\obj\stm32f429i_discovery.o

.debug_aranges  0x00000000      0xc70
 .debug_aranges
                0x00000000       0x98 ..\obj\trcKernel.o
 .debug_aranges
                0x00000098      0x100 ..\obj\stm32f429i_discovery_ioe.o
 .debug_aranges
                0x00000198       0x48 ..\obj\main.o
 .debug_aranges
                0x000001e0       0x90 ..\obj\trcBase.o
 .debug_aranges
                0x00000270      0x1b8 ..\obj\stm32f4xx_rcc.o
 .debug_aranges
                0x00000428       0xa0 ..\obj\timers.o
 .debug_aranges
                0x000004c8      0x1c0 ..\obj\tasks.o
 .debug_aranges
                0x00000688       0x88 ..\obj\stm32f4xx_gpio.o
 .debug_aranges
                0x00000710       0x40 ..\obj\list.o
 .debug_aranges
                0x00000750       0x30 ..\obj\system_stm32f4xx.o
 .debug_aranges
                0x00000780       0xe8 ..\obj\trcUser.o
 .debug_aranges
                0x00000868       0x80 ..\obj\port.o
 .debug_aranges
                0x000008e8      0x100 ..\obj\queue.o
 .debug_aranges
                0x000009e8       0x70 ..\obj\trcKernelPort.o
 .debug_aranges
                0x00000a58       0x28 ..\obj\startup_stm32f429_439xx.o
 .debug_aranges
                0x00000a80      0x130 ..\obj\stm32f4xx_i2c.o
 .debug_aranges
                0x00000bb0       0x28 ..\obj\trcHardwarePort.o
 .debug_aranges
                0x00000bd8       0x38 ..\obj\heap_1.o
 .debug_aranges
                0x00000c10       0x60 ..\obj\stm32f429i_discovery.o

.debug_ranges   0x00000000      0xb48
 .debug_ranges  0x00000000       0x88 ..\obj\trcKernel.o
 .debug_ranges  0x00000088       0xf0 ..\obj\stm32f429i_discovery_ioe.o
 .debug_ranges  0x00000178       0x38 ..\obj\main.o
 .debug_ranges  0x000001b0       0x80 ..\obj\trcBase.o
 .debug_ranges  0x00000230      0x1a8 ..\obj\stm32f4xx_rcc.o
 .debug_ranges  0x000003d8       0x90 ..\obj\timers.o
 .debug_ranges  0x00000468      0x1b0 ..\obj\tasks.o
 .debug_ranges  0x00000618       0x78 ..\obj\stm32f4xx_gpio.o
 .debug_ranges  0x00000690       0x30 ..\obj\list.o
 .debug_ranges  0x000006c0       0x20 ..\obj\system_stm32f4xx.o
 .debug_ranges  0x000006e0       0xd8 ..\obj\trcUser.o
 .debug_ranges  0x000007b8       0x70 ..\obj\port.o
 .debug_ranges  0x00000828       0xf0 ..\obj\queue.o
 .debug_ranges  0x00000918       0x60 ..\obj\trcKernelPort.o
 .debug_ranges  0x00000978       0x20 ..\obj\startup_stm32f429_439xx.o
 .debug_ranges  0x00000998      0x120 ..\obj\stm32f4xx_i2c.o
 .debug_ranges  0x00000ab8       0x18 ..\obj\trcHardwarePort.o
 .debug_ranges  0x00000ad0       0x28 ..\obj\heap_1.o
 .debug_ranges  0x00000af8       0x50 ..\obj\stm32f429i_discovery.o

.debug_line     0x00000000     0x5b85
 .debug_line    0x00000000      0x534 ..\obj\trcKernel.o
 .debug_line    0x00000534      0x749 ..\obj\stm32f429i_discovery_ioe.o
 .debug_line    0x00000c7d      0x5ed ..\obj\main.o
 .debug_line    0x0000126a      0x4a0 ..\obj\trcBase.o
 .debug_line    0x0000170a      0x5ff ..\obj\stm32f4xx_rcc.o
 .debug_line    0x00001d09      0x533 ..\obj\timers.o
 .debug_line    0x0000223c      0xe7b ..\obj\tasks.o
 .debug_line    0x000030b7      0x323 ..\obj\stm32f4xx_gpio.o
 .debug_line    0x000033da      0x210 ..\obj\list.o
 .debug_line    0x000035ea      0x1b4 ..\obj\system_stm32f4xx.o
 .debug_line    0x0000379e      0x65e ..\obj\trcUser.o
 .debug_line    0x00003dfc      0x3a5 ..\obj\port.o
 .debug_line    0x000041a1      0xa93 ..\obj\queue.o
 .debug_line    0x00004c34      0x2d2 ..\obj\trcKernelPort.o
 .debug_line    0x00004f06       0xaa ..\obj\startup_stm32f429_439xx.o
 .debug_line    0x00004fb0      0x4c9 ..\obj\stm32f4xx_i2c.o
 .debug_line    0x00005479      0x1e7 ..\obj\trcHardwarePort.o
 .debug_line    0x00005660      0x216 ..\obj\heap_1.o
 .debug_line    0x00005876      0x30f ..\obj\stm32f429i_discovery.o

.debug_str      0x00000000     0x4c89
 .debug_str     0x00000000      0x962 ..\obj\trcKernel.o
                                0xa16 (size before relaxing)
 .debug_str     0x00000962      0x718 ..\obj\stm32f429i_discovery_ioe.o
                                0x8d1 (size before relaxing)
 .debug_str     0x0000107a      0x393 ..\obj\main.o
                                0x5b5 (size before relaxing)
 .debug_str     0x0000140d      0x317 ..\obj\trcBase.o
                                0x96d (size before relaxing)
 .debug_str     0x00001724      0x788 ..\obj\stm32f4xx_rcc.o
                                0x9bb (size before relaxing)
 .debug_str     0x00001eac      0x4ec ..\obj\timers.o
                                0x774 (size before relaxing)
 .debug_str     0x00002398      0xc27 ..\obj\tasks.o
                                0xfa5 (size before relaxing)
 .debug_str     0x00002fbf      0x19e ..\obj\stm32f4xx_gpio.o
                                0x4be (size before relaxing)
 .debug_str     0x0000315d       0xbf ..\obj\list.o
                                0x327 (size before relaxing)
 .debug_str     0x0000321c      0x119 ..\obj\system_stm32f4xx.o
                                0x3e1 (size before relaxing)
 .debug_str     0x00003335      0x379 ..\obj\trcUser.o
                                0xa55 (size before relaxing)
 .debug_str     0x000036ae      0x208 ..\obj\port.o
                                0x49a (size before relaxing)
 .debug_str     0x000038b6      0x493 ..\obj\queue.o
                                0x8ae (size before relaxing)
 .debug_str     0x00003d49      0x189 ..\obj\trcKernelPort.o
                                0x817 (size before relaxing)
 .debug_str     0x00003ed2      0x386 ..\obj\stm32f4xx_i2c.o
                                0x6d0 (size before relaxing)
 .debug_str     0x00004258       0xc9 ..\obj\trcHardwarePort.o
                                0x6b8 (size before relaxing)
 .debug_str     0x00004321       0xb7 ..\obj\heap_1.o
                                0x2ae (size before relaxing)
 .debug_str     0x000043d8      0x8b1 ..\obj\stm32f429i_discovery.o
                                0xdb6 (size before relaxing)

.comment        0x00000000       0x6e
 .comment       0x00000000       0x6e ..\obj\trcKernel.o
                                 0x6f (size before relaxing)
 .comment       0x0000006e       0x6f ..\obj\stm32f429i_discovery_ioe.o
 .comment       0x0000006e       0x6f ..\obj\main.o
 .comment       0x0000006e       0x6f ..\obj\trcBase.o
 .comment       0x0000006e       0x6f ..\obj\stm32f4xx_rcc.o
 .comment       0x0000006e       0x6f ..\obj\timers.o
 .comment       0x0000006e       0x6f ..\obj\tasks.o
 .comment       0x0000006e       0x6f ..\obj\stm32f4xx_gpio.o
 .comment       0x0000006e       0x6f ..\obj\list.o
 .comment       0x0000006e       0x6f ..\obj\system_stm32f4xx.o
 .comment       0x0000006e       0x6f ..\obj\trcUser.o
 .comment       0x0000006e       0x6f ..\obj\port.o
 .comment       0x0000006e       0x6f ..\obj\queue.o
 .comment       0x0000006e       0x6f ..\obj\trcKernelPort.o
 .comment       0x0000006e       0x6f ..\obj\stm32f4xx_i2c.o
 .comment       0x0000006e       0x6f ..\obj\trcHardwarePort.o
 .comment       0x0000006e       0x6f ..\obj\heap_1.o
 .comment       0x0000006e       0x6f ..\obj\stm32f429i_discovery.o

.ARM.attributes
                0x00000000       0x37
 .ARM.attributes
                0x00000000       0x39 ..\obj\trcKernel.o
 .ARM.attributes
                0x00000039       0x39 ..\obj\stm32f429i_discovery_ioe.o
 .ARM.attributes
                0x00000072       0x39 ..\obj\main.o
 .ARM.attributes
                0x000000ab       0x39 ..\obj\trcBase.o
 .ARM.attributes
                0x000000e4       0x39 ..\obj\stm32f4xx_rcc.o
 .ARM.attributes
                0x0000011d       0x39 ..\obj\timers.o
 .ARM.attributes
                0x00000156       0x39 ..\obj\tasks.o
 .ARM.attributes
                0x0000018f       0x39 ..\obj\stm32f4xx_gpio.o
 .ARM.attributes
                0x000001c8       0x39 ..\obj\list.o
 .ARM.attributes
                0x00000201       0x39 ..\obj\system_stm32f4xx.o
 .ARM.attributes
                0x0000023a       0x39 ..\obj\trcUser.o
 .ARM.attributes
                0x00000273       0x39 ..\obj\port.o
 .ARM.attributes
                0x000002ac       0x39 ..\obj\queue.o
 .ARM.attributes
                0x000002e5       0x39 ..\obj\trcKernelPort.o
 .ARM.attributes
                0x0000031e       0x21 ..\obj\startup_stm32f429_439xx.o
 .ARM.attributes
                0x0000033f       0x39 ..\obj\stm32f4xx_i2c.o
 .ARM.attributes
                0x00000378       0x39 ..\obj\trcHardwarePort.o
 .ARM.attributes
                0x000003b1       0x39 ..\obj\heap_1.o
 .ARM.attributes
                0x000003ea       0x39 ..\obj\stm32f429i_discovery.o
 .ARM.attributes
                0x00000423       0x20 c:/coocox/gnu/bin/../lib/gcc/arm-none-eabi/5.2.1/../../../../arm-none-eabi/lib/armv7e-m/fpu\libg.a(lib_a-memcpy.o)
 .ARM.attributes
                0x00000443       0x34 c:/coocox/gnu/bin/../lib/gcc/arm-none-eabi/5.2.1/../../../../arm-none-eabi/lib/armv7e-m/fpu\libg.a(lib_a-memset.o)
 .ARM.attributes
                0x00000477       0x34 c:/coocox/gnu/bin/../lib/gcc/arm-none-eabi/5.2.1/../../../../arm-none-eabi/lib/armv7e-m/fpu\libg.a(lib_a-strncmp.o)
 .ARM.attributes
                0x000004ab       0x34 c:/coocox/gnu/bin/../lib/gcc/arm-none-eabi/5.2.1/../../../../arm-none-eabi/lib/armv7e-m/fpu\libg.a(lib_a-strncpy.o)

.debug_frame    0x00000000     0x32ec
 .debug_frame   0x00000000      0x270 ..\obj\trcKernel.o
 .debug_frame   0x00000270      0x400 ..\obj\stm32f429i_discovery_ioe.o
 .debug_frame   0x00000670       0xd4 ..\obj\main.o
 .debug_frame   0x00000744      0x21c ..\obj\trcBase.o
 .debug_frame   0x00000960      0x814 ..\obj\stm32f4xx_rcc.o
 .debug_frame   0x00001174      0x284 ..\obj\timers.o
 .debug_frame   0x000013f8      0x7ac ..\obj\tasks.o
 .debug_frame   0x00001ba4      0x23c ..\obj\stm32f4xx_gpio.o
 .debug_frame   0x00001de0       0xd8 ..\obj\list.o
 .debug_frame   0x00001eb8       0x7c ..\obj\system_stm32f4xx.o
 .debug_frame   0x00001f34      0x3a4 ..\obj\trcUser.o
 .debug_frame   0x000022d8      0x19c ..\obj\port.o
 .debug_frame   0x00002474      0x474 ..\obj\queue.o
 .debug_frame   0x000028e8      0x178 ..\obj\trcKernelPort.o
 .debug_frame   0x00002a60      0x580 ..\obj\stm32f4xx_i2c.o
 .debug_frame   0x00002fe0       0x54 ..\obj\trcHardwarePort.o
 .debug_frame   0x00003034       0x9c ..\obj\heap_1.o
 .debug_frame   0x000030d0      0x160 ..\obj\stm32f429i_discovery.o
 .debug_frame   0x00003230       0x34 c:/coocox/gnu/bin/../lib/gcc/arm-none-eabi/5.2.1/../../../../arm-none-eabi/lib/armv7e-m/fpu\libg.a(lib_a-memset.o)
 .debug_frame   0x00003264       0x54 c:/coocox/gnu/bin/../lib/gcc/arm-none-eabi/5.2.1/../../../../arm-none-eabi/lib/armv7e-m/fpu\libg.a(lib_a-strncmp.o)
 .debug_frame   0x000032b8       0x34 c:/coocox/gnu/bin/../lib/gcc/arm-none-eabi/5.2.1/../../../../arm-none-eabi/lib/armv7e-m/fpu\libg.a(lib_a-strncpy.o)
